// Jest Snapshot v1, https://goo.gl/fbAQLP

exports[`<Devices /> accept should display spinner during request 1`] = `
<div>
  <div
    class="spinner-wrapper my-3 text-center"
  >
    <div
      class="spinner-border"
      role="status"
    >
      <span
        class="sr-only"
      />
    </div>
  </div>
</div>
`;

exports[`<Devices /> should render spinner 1`] = `
<div>
  <div
    class="spinner-wrapper my-3 text-center"
  >
    <div
      class="spinner-border"
      role="status"
    >
      <span
        class="sr-only"
      />
    </div>
  </div>
</div>
`;

exports[`<Devices /> should render table 1`] = `
<div>
  <div
    class="table-responsive"
  >
    <table
      class="table table-hover netboot-devices-table"
    >
      <thead>
        <tr>
          <th
            class="netboot-serial-number"
            scope="col"
          >
            Serial Number
          </th>
          <th
            class="netboot-status"
            scope="col"
          >
            Paired
          </th>
          <th
            aria-label="Change status"
            class="netboot-action"
            scope="col"
          />
        </tr>
      </thead>
      <tbody>
        <tr>
          <td>
            1234
          </td>
          <td
            class="text-center"
          >
            <span>
              <i
                class="fa fa-lg fa-times-circle text-primary"
                title="Awaiting acceptance"
              />
            </span>
          </td>
          <td
            class="text-center"
          >
            <button
              class="btn btn-primary "
              type="button"
            >
               
               
              Accept pairing request
            </button>
          </td>
        </tr>
        <tr>
          <td>
            5678
          </td>
          <td
            class="text-center"
          >
            <span>
              <i
                class="fa fa-lg fa-check-circle text-success"
                title="Paired"
              />
            </span>
          </td>
          <td
            class="text-center"
          >
            <button
              class="btn btn-primary "
              type="button"
            >
               
               
              Unpair device
            </button>
          </td>
        </tr>
      </tbody>
    </table>
  </div>
</div>
`;

exports[`<Devices /> unpair should display spinner during request 1`] = `
<div>
  <div
    class="spinner-wrapper my-3 text-center"
  >
    <div
      class="spinner-border"
      role="status"
    >
      <span
        class="sr-only"
      />
    </div>
  </div>
</div>
`;
