// Jest Snapshot v1, https://goo.gl/fbAQLP

exports[`<Netboot /> should render component 1`] = `
<div>
  <h1>
    Netboot
  </h1>
  <p>
    Manage devices which can be booted from this router through network.
  </p>
  <div
    class="spinner-wrapper my-3 text-center"
  >
    <div
      class="spinner-border"
      role="status"
    >
      <span
        class="sr-only"
      />
    </div>
  </div>
</div>
`;
